// Jest Snapshot v1, https://goo.gl/fbAQLP

exports[`renders correctly when pending 1`] = `
<DocumentFragment>
  Loading...
</DocumentFragment>
`;
